** Drc report for princeton_reverb_aa1164.kicad_pcb **
** Created on 2026-06-23 20:04:30 **

** Found 12 DRC violations **
[silk_over_copper]: Silkscreen clipped by solder mask
    Local override; Severity: warning
    @(20.0000 mm, 40.0000 mm): Circle on F.Silkscreen
[silk_over_copper]: Silkscreen clipped by solder mask
    Local override; Severity: warning
    @(20.0000 mm, 16.0000 mm): Circle on F.Silkscreen
[silk_over_copper]: Silkscreen clipped by solder mask
    Local override; Severity: warning
    @(46.0000 mm, 16.0000 mm): Circle on F.Silkscreen
[silk_over_copper]: Silkscreen clipped by solder mask
    Local override; Severity: warning
    @(46.0000 mm, 40.0000 mm): Circle on F.Silkscreen
[lib_footprint_issues]: The current configuration does not include the library 'Resistor_THT'.
    Local override; Severity: warning
    @(6.0000 mm, 23.0000 mm): Footprint R2
[lib_footprint_issues]: The current configuration does not include the library 'MountingHole'.
    Local override; Severity: warning
    @(57.5000 mm, 9.0000 mm): Footprint H1
[lib_footprint_issues]: The current configuration does not include the library 'Capacitor_THT'.
    Local override; Severity: warning
    @(16.2500 mm, 40.0000 mm): Footprint C2
[lib_footprint_issues]: The current configuration does not include the library 'Capacitor_THT'.
    Local override; Severity: warning
    @(16.2500 mm, 16.0000 mm): Footprint C1
[lib_footprint_issues]: The current configuration does not include the library 'Capacitor_THT'.
    Local override; Severity: warning
    @(42.2500 mm, 16.0000 mm): Footprint C3
[lib_footprint_issues]: The current configuration does not include the library 'Capacitor_THT'.
    Local override; Severity: warning
    @(42.2500 mm, 40.0000 mm): Footprint C4
[lib_footprint_issues]: The current configuration does not include the library 'Resistor_THT'.
    Local override; Severity: warning
    @(6.0000 mm, 11.0000 mm): Footprint R1
[lib_footprint_issues]: The current configuration does not include the library 'MountingHole'.
    Local override; Severity: warning
    @(57.5000 mm, 45.0000 mm): Footprint H2

** Found 0 unconnected pads **

** Found 0 Footprint errors **

** End of Report **
